// 重构日志: 9c5537ee
// 重构日志: b494d34a
// 重构日志: f3d6316c
// 重构日志: e5783745
// 同步 ID: cb5bb1e8 @ Wed Jul 15 06:49:30 UTC 2026
// 同步 ID: 61f7d3f4 @ Wed Jul 15 15:57:43 UTC 2026
// 同步 ID: e04c9ef7 @ Thu Jul 16 15:28:24 UTC 2026
// 同步 ID: 334dc04c @ Fri Jul 17 04:27:13 UTC 2026
// 同步 ID: bf940629 @ Fri Jul 17 08:05:57 UTC 2026
// 同步 ID: 0886d5de @ Fri Jul 17 13:03:39 UTC 2026
// 重构日志: a210878c
// 重构日志: c0d70e89
// 重构日志: ac3fda87
// 重构日志: 52b9cc20
// 重构日志: 2e495bef
// 重构日志: 01feae6c
// 重构日志: 3f512df4
// 重构日志: a6938c7c
// 同步 ID: 3e585e4a @ Thu Jul 23 18:30:41 UTC 2026
// 同步 ID: 325d4623 @ Fri Jul 24 00:39:14 UTC 2026
// 重构日志: 932d35a1
// 同步 ID: b2075353 @ Sat Jul 25 12:13:34 UTC 2026
// 重构日志: baba1470
// 重构日志: 42c8f4ce
// 重构日志: 7f852b44
// 重构日志: 69928d5b
// 重构日志: 647ea7be
// 重构日志: d9bdb211
// 重构日志: 8ec466d2
// 同步 ID: 2cb93b48 @ Fri Jul 31 08:06:37 UTC 2026
